------------------------------------------------------------
TimeQuest Timing Analyzer Summary
------------------------------------------------------------

Type  : Slow 1200mV 85C Model Setup 'clock'
Slack : -4.719
TNS   : -191.510

Type  : Slow 1200mV 85C Model Setup 'ps2_clk'
Slack : -3.275
TNS   : -173.230

Type  : Slow 1200mV 85C Model Hold 'clock'
Slack : 0.387
TNS   : 0.000

Type  : Slow 1200mV 85C Model Hold 'ps2_clk'
Slack : 0.440
TNS   : 0.000

Type  : Slow 1200mV 85C Model Minimum Pulse Width 'ps2_clk'
Slack : -3.000
TNS   : -82.670

Type  : Slow 1200mV 85C Model Minimum Pulse Width 'clock'
Slack : -3.000
TNS   : -63.395

Type  : Slow 1200mV 0C Model Setup 'clock'
Slack : -4.216
TNS   : -170.713

Type  : Slow 1200mV 0C Model Setup 'ps2_clk'
Slack : -2.900
TNS   : -153.763

Type  : Slow 1200mV 0C Model Hold 'clock'
Slack : 0.339
TNS   : 0.000

Type  : Slow 1200mV 0C Model Hold 'ps2_clk'
Slack : 0.387
TNS   : 0.000

Type  : Slow 1200mV 0C Model Minimum Pulse Width 'ps2_clk'
Slack : -3.000
TNS   : -82.670

Type  : Slow 1200mV 0C Model Minimum Pulse Width 'clock'
Slack : -3.000
TNS   : -63.395

Type  : Fast 1200mV 0C Model Setup 'clock'
Slack : -1.692
TNS   : -65.868

Type  : Fast 1200mV 0C Model Setup 'ps2_clk'
Slack : -1.051
TNS   : -48.991

Type  : Fast 1200mV 0C Model Hold 'clock'
Slack : 0.175
TNS   : 0.000

Type  : Fast 1200mV 0C Model Hold 'ps2_clk'
Slack : 0.199
TNS   : 0.000

Type  : Fast 1200mV 0C Model Minimum Pulse Width 'ps2_clk'
Slack : -3.000
TNS   : -77.384

Type  : Fast 1200mV 0C Model Minimum Pulse Width 'clock'
Slack : -3.000
TNS   : -53.473

------------------------------------------------------------
