------------------------------------------------------------
TimeQuest Timing Analyzer Summary
------------------------------------------------------------

Type  : Slow 1200mV 85C Model Setup 'clock'
Slack : -5.269
TNS   : -382.027

Type  : Slow 1200mV 85C Model Setup 'ps2_clk'
Slack : -3.424
TNS   : -167.283

Type  : Slow 1200mV 85C Model Hold 'clock'
Slack : 0.385
TNS   : 0.000

Type  : Slow 1200mV 85C Model Hold 'ps2_clk'
Slack : 0.440
TNS   : 0.000

Type  : Slow 1200mV 85C Model Minimum Pulse Width 'clock'
Slack : -3.000
TNS   : -108.370

Type  : Slow 1200mV 85C Model Minimum Pulse Width 'ps2_clk'
Slack : -3.000
TNS   : -82.670

Type  : Slow 1200mV 0C Model Setup 'clock'
Slack : -4.801
TNS   : -346.568

Type  : Slow 1200mV 0C Model Setup 'ps2_clk'
Slack : -3.078
TNS   : -149.285

Type  : Slow 1200mV 0C Model Hold 'clock'
Slack : 0.338
TNS   : 0.000

Type  : Slow 1200mV 0C Model Hold 'ps2_clk'
Slack : 0.387
TNS   : 0.000

Type  : Slow 1200mV 0C Model Minimum Pulse Width 'clock'
Slack : -3.000
TNS   : -108.370

Type  : Slow 1200mV 0C Model Minimum Pulse Width 'ps2_clk'
Slack : -3.000
TNS   : -82.670

Type  : Fast 1200mV 0C Model Setup 'clock'
Slack : -2.572
TNS   : -184.040

Type  : Fast 1200mV 0C Model Setup 'ps2_clk'
Slack : -1.182
TNS   : -49.039

Type  : Fast 1200mV 0C Model Hold 'clock'
Slack : 0.173
TNS   : 0.000

Type  : Fast 1200mV 0C Model Hold 'ps2_clk'
Slack : 0.199
TNS   : 0.000

Type  : Fast 1200mV 0C Model Minimum Pulse Width 'clock'
Slack : -3.000
TNS   : -91.880

Type  : Fast 1200mV 0C Model Minimum Pulse Width 'ps2_clk'
Slack : -3.000
TNS   : -77.450

------------------------------------------------------------
