------------------------------------------------------------
TimeQuest Timing Analyzer Summary
------------------------------------------------------------

Type  : Slow 1200mV 85C Model Setup 'clock'
Slack : -5.458
TNS   : -417.812

Type  : Slow 1200mV 85C Model Setup 'ps2_clk'
Slack : -3.468
TNS   : -171.239

Type  : Slow 1200mV 85C Model Hold 'clock'
Slack : 0.386
TNS   : 0.000

Type  : Slow 1200mV 85C Model Hold 'ps2_clk'
Slack : 0.440
TNS   : 0.000

Type  : Slow 1200mV 85C Model Minimum Pulse Width 'clock'
Slack : -3.000
TNS   : -109.655

Type  : Slow 1200mV 85C Model Minimum Pulse Width 'ps2_clk'
Slack : -3.000
TNS   : -82.670

Type  : Slow 1200mV 0C Model Setup 'clock'
Slack : -4.972
TNS   : -380.261

Type  : Slow 1200mV 0C Model Setup 'ps2_clk'
Slack : -3.118
TNS   : -152.490

Type  : Slow 1200mV 0C Model Hold 'clock'
Slack : 0.339
TNS   : 0.000

Type  : Slow 1200mV 0C Model Hold 'ps2_clk'
Slack : 0.387
TNS   : 0.000

Type  : Slow 1200mV 0C Model Minimum Pulse Width 'clock'
Slack : -3.000
TNS   : -109.655

Type  : Slow 1200mV 0C Model Minimum Pulse Width 'ps2_clk'
Slack : -3.000
TNS   : -82.670

Type  : Fast 1200mV 0C Model Setup 'clock'
Slack : -2.687
TNS   : -202.420

Type  : Fast 1200mV 0C Model Setup 'ps2_clk'
Slack : -1.181
TNS   : -51.045

Type  : Fast 1200mV 0C Model Hold 'clock'
Slack : 0.175
TNS   : 0.000

Type  : Fast 1200mV 0C Model Hold 'ps2_clk'
Slack : 0.199
TNS   : 0.000

Type  : Fast 1200mV 0C Model Minimum Pulse Width 'clock'
Slack : -3.000
TNS   : -92.984

Type  : Fast 1200mV 0C Model Minimum Pulse Width 'ps2_clk'
Slack : -3.000
TNS   : -77.874

------------------------------------------------------------
